-- CR/LF test
CREATE FUNCTION crlf_test() RETURNS text LANGUAGE plsix
AS E'\r\n#!/bin/sh\r\necho OK\r\n';
SELECT crlf_test();
 crlf_test 
-----------
 OK\r
(1 row)

